AutoDock Vina 23d1252-mod
#################################################################
# If you used AutoDock Vina in your work, please cite:          #
#                                                               #
# J. Eberhardt, D. Santos-Martins, A. F. Tillack, and S. Forli  #
# AutoDock Vina 1.2.0: New Docking Methods, Expanded Force      #
# Field, and Python Bindings, J. Chem. Inf. Model. (2021)       #
# DOI 10.1021/acs.jcim.1c00203                                  #
#                                                               #
# O. Trott, A. J. Olson,                                        #
# AutoDock Vina: improving the speed and accuracy of docking    #
# with a new scoring function, efficient optimization and       #
# multithreading, J. Comp. Chem. (2010)                         #
# DOI 10.1002/jcc.21334                                         #
#                                                               #
# Please see https://github.com/ccsb-scripps/AutoDock-Vina for  #
# more information.                                             #
#################################################################

Scoring function : vina
Rigid receptor: 6m0j_wt.pdbqt
Ligand: notebooks/ligands_ready_docking/Cepharanthine(10206)_3D_h.pdbqt
Grid center: X -20.475 Y 13.629 Z -25.369
Grid size  : X 24 Y 24 Z 24
Grid space : 0.375
Exhaustiveness: 8
CPU: 0
Verbosity: 1

Computing Vina grid ... done.
Performing docking (random seed: 2051667440) ... 
0%   10   20   30   40   50   60   70   80   90   100%
|----|----|----|----|----|----|----|----|----|----|
***************************************************

mode |   affinity | dist from best mode
     | (kcal/mol) | rmsd l.b.| rmsd u.b.
-----+------------+----------+----------
   1       -9.366          0          0
   2        -8.94       3.47      6.501
   3        -8.38      2.308      3.101
   4       -8.198       2.79      4.313
   5       -7.867      2.748       7.58
   6       -7.652      4.635      7.001
   7       -7.623      1.786      2.242
   8       -7.387      1.751      2.216
   9       -7.344      3.291      7.723
